../Core/Src/nRF24L01.c:12:13:cs_high	8	static
../Core/Src/nRF24L01.c:17:13:cs_low	8	static
../Core/Src/nRF24L01.c:22:13:ce_high	8	static
../Core/Src/nRF24L01.c:27:13:ce_low	8	static
../Core/Src/nRF24L01.c:32:16:read_register	32	static
../Core/Src/nRF24L01.c:46:16:write_register	32	static
../Core/Src/nRF24L01.c:62:6:nrf24l01p_rx_init	16	static
../Core/Src/nRF24L01.c:84:6:nrf24l01p_tx_init	16	static
../Core/Src/nRF24L01.c:104:6:nrf24l01p_rx_receive	16	static
../Core/Src/nRF24L01.c:111:6:nrf24l01p_tx_transmit	16	static
../Core/Src/nRF24L01.c:116:6:nrf24l01p_tx_irq	16	static
../Core/Src/nRF24L01.c:137:6:nrf24l01p_reset	8	static
../Core/Src/nRF24L01.c:168:6:nrf24l01p_prx_mode	16	static
../Core/Src/nRF24L01.c:176:6:nrf24l01p_ptx_mode	16	static
../Core/Src/nRF24L01.c:184:9:nrf24l01p_read_rx_fifo	32	static
../Core/Src/nRF24L01.c:197:9:nrf24l01p_write_tx_fifo	32	static
../Core/Src/nRF24L01.c:210:6:nrf24l01p_flush_rx_fifo	24	static
../Core/Src/nRF24L01.c:220:6:nrf24l01p_flush_tx_fifo	24	static
../Core/Src/nRF24L01.c:230:9:nrf24l01p_get_status	24	static
../Core/Src/nRF24L01.c:242:9:nrf24l01p_get_fifo_status	8	static
../Core/Src/nRF24L01.c:247:6:nrf24l01p_rx_set_payload_widths	16	static
../Core/Src/nRF24L01.c:252:6:nrf24l01p_clear_rx_dr	16	static
../Core/Src/nRF24L01.c:260:6:nrf24l01p_clear_tx_ds	16	static
../Core/Src/nRF24L01.c:268:6:nrf24l01p_clear_max_rt	16	static
../Core/Src/nRF24L01.c:276:6:nrf24l01p_power_up	16	static
../Core/Src/nRF24L01.c:284:6:nrf24l01p_power_down	16	static
../Core/Src/nRF24L01.c:292:6:nrf24l01p_set_crc_length	24	static
../Core/Src/nRF24L01.c:311:6:nrf24l01p_set_address_widths	16	static
../Core/Src/nRF24L01.c:316:6:nrf24l01p_auto_retransmit_count	24	static
../Core/Src/nRF24L01.c:326:6:nrf24l01p_auto_retransmit_delay	24	static
../Core/Src/nRF24L01.c:336:6:nrf24l01p_set_rf_channel	24	static
../Core/Src/nRF24L01.c:342:6:nrf24l01p_set_rf_tx_output_power	24	static
../Core/Src/nRF24L01.c:350:6:nrf24l01p_set_rf_air_data_rate	24	static
